  Determining projects to restore...
C:\Users\DELL\Desktop\saas\backend\Saas.Application\Saas.Application.csproj : warning NU1504: Duplicate 'PackageReference' items found. Remove the duplicate items or use the Update functionality to ensure a consistent restore behavior. The duplicate 'PackageReference' items are: MediatR 12.4.1, MediatR 14.1.0.
  All projects are up-to-date for restore.
C:\Users\DELL\Desktop\saas\backend\Saas.Application\Saas.Application.csproj : warning NU1504: Duplicate 'PackageReference' items found. Remove the duplicate items or use the Update functionality to ensure a consistent restore behavior. The duplicate 'PackageReference' items are: MediatR 12.4.1, MediatR 14.1.0.
  Saas.Domain -> C:\Users\DELL\Desktop\saas\backend\Saas.Domain\bin\Debug\net9.0\Saas.Domain.dll
C:\Users\DELL\Desktop\saas\backend\Saas.Application\Commands\Auth\LoginCommand.cs(17,22): error CS0246: The type or namespace name 'SignInManager<>' could not be found (are you missing a using directive or an assembly reference?) [C:\Users\DELL\Desktop\saas\backend\Saas.Application\Saas.Application.csproj]
C:\Users\DELL\Desktop\saas\backend\Saas.Application\Commands\Auth\LoginCommand.cs(22,9): error CS0246: The type or namespace name 'SignInManager<>' could not be found (are you missing a using directive or an assembly reference?) [C:\Users\DELL\Desktop\saas\backend\Saas.Application\Saas.Application.csproj]

Build FAILED.

C:\Users\DELL\Desktop\saas\backend\Saas.Application\Saas.Application.csproj : warning NU1504: Duplicate 'PackageReference' items found. Remove the duplicate items or use the Update functionality to ensure a consistent restore behavior. The duplicate 'PackageReference' items are: MediatR 12.4.1, MediatR 14.1.0.
C:\Users\DELL\Desktop\saas\backend\Saas.Application\Saas.Application.csproj : warning NU1504: Duplicate 'PackageReference' items found. Remove the duplicate items or use the Update functionality to ensure a consistent restore behavior. The duplicate 'PackageReference' items are: MediatR 12.4.1, MediatR 14.1.0.
C:\Users\DELL\Desktop\saas\backend\Saas.Application\Commands\Auth\LoginCommand.cs(17,22): error CS0246: The type or namespace name 'SignInManager<>' could not be found (are you missing a using directive or an assembly reference?) [C:\Users\DELL\Desktop\saas\backend\Saas.Application\Saas.Application.csproj]
C:\Users\DELL\Desktop\saas\backend\Saas.Application\Commands\Auth\LoginCommand.cs(22,9): error CS0246: The type or namespace name 'SignInManager<>' could not be found (are you missing a using directive or an assembly reference?) [C:\Users\DELL\Desktop\saas\backend\Saas.Application\Saas.Application.csproj]
    2 Warning(s)
    2 Error(s)

Time Elapsed 00:00:01.67
